'solc --version' running
'solc /sb/code.sol --combined-json abi,ast,bin,bin-runtime,srcmap,srcmap-runtime,userdoc,devdoc,hashes,compact-format --allow-paths .,/sb' running

Reentrancy in LiquidityGeneratorToken._transfer(address,address,uint256) (../sb/code.sol#996-1040):
	External calls:
	- swapAndLiquify(contractTokenBalance) (../sb/code.sol#1027)
		- uniswapV2Router.addLiquidityETH{value: ethAmount}(address(this),tokenAmount,0,0,dead,block.timestamp) (../sb/code.sol#1088-1095)
		- uniswapV2Router.swapExactTokensForETHSupportingFeeOnTransferTokens(tokenAmount,0,path,address(this),block.timestamp) (../sb/code.sol#1074-1080)
	External calls sending eth:
	- swapAndLiquify(contractTokenBalance) (../sb/code.sol#1027)
		- uniswapV2Router.addLiquidityETH{value: ethAmount}(address(this),tokenAmount,0,0,dead,block.timestamp) (../sb/code.sol#1088-1095)
	State variables written after the call(s):
	- _tokenTransfer(from,to,amount,takeFee) (../sb/code.sol#1039)
		- _rOwned[address(this)] = _rOwned[address(this)].add(rLiquidity) (../sb/code.sol#952)
		- _rOwned[sender] = _rOwned[sender].sub(rAmount) (../sb/code.sol#1130)
		- _rOwned[sender] = _rOwned[sender].sub(rAmount) (../sb/code.sol#1121)
		- _rOwned[recipient] = _rOwned[recipient].add(rTransferAmount) (../sb/code.sol#1122)
		- _rOwned[sender] = _rOwned[sender].sub(rAmount) (../sb/code.sol#1141)
		- _rOwned[sender] = _rOwned[sender].sub(rAmount) (../sb/code.sol#865)
		- _rOwned[recipient] = _rOwned[recipient].add(rTransferAmount) (../sb/code.sol#1142)
		- _rOwned[recipient] = _rOwned[recipient].add(rTransferAmount) (../sb/code.sol#1132)
		- _rOwned[recipient] = _rOwned[recipient].add(rTransferAmount) (../sb/code.sol#867)
	LiquidityGeneratorToken._rOwned (../sb/code.sol#695) can be used in cross function reentrancies:
	- LiquidityGeneratorToken._getCurrentSupply() (../sb/code.sol#937-947)
	- LiquidityGeneratorToken._takeLiquidity(uint256) (../sb/code.sol#949-955)
	- LiquidityGeneratorToken._transferBothExcluded(address,address,uint256) (../sb/code.sol#862-871)
	- LiquidityGeneratorToken._transferFromExcluded(address,address,uint256) (../sb/code.sol#1138-1146)
	- LiquidityGeneratorToken._transferStandard(address,address,uint256) (../sb/code.sol#1119-1126)
	- LiquidityGeneratorToken._transferToExcluded(address,address,uint256) (../sb/code.sol#1128-1136)
	- LiquidityGeneratorToken.balanceOf(address) (../sb/code.sol#792-795)
	- LiquidityGeneratorToken.constructor(address,string,string,uint8,uint256,uint8,uint8,uint256,uint256,uint256) (../sb/code.sol#744-774)
	- LiquidityGeneratorToken.deliver(uint256) (../sb/code.sol#835-842)
	- _tokenTransfer(from,to,amount,takeFee) (../sb/code.sol#1039)
		- _rTotal = _rTotal.sub(rFee) (../sb/code.sol#907)
	LiquidityGeneratorToken._rTotal (../sb/code.sol#707) can be used in cross function reentrancies:
	- LiquidityGeneratorToken._getCurrentSupply() (../sb/code.sol#937-947)
	- LiquidityGeneratorToken._reflectFee(uint256,uint256) (../sb/code.sol#906-909)
	- LiquidityGeneratorToken.constructor(address,string,string,uint8,uint256,uint8,uint8,uint256,uint256,uint256) (../sb/code.sol#744-774)
	- LiquidityGeneratorToken.deliver(uint256) (../sb/code.sol#835-842)
	- LiquidityGeneratorToken.tokenFromReflection(uint256) (../sb/code.sol#855-859)
	- _tokenTransfer(from,to,amount,takeFee) (../sb/code.sol#1039)
		- _tOwned[address(this)] = _tOwned[address(this)].add(tLiquidity) (../sb/code.sol#954)
		- _tOwned[sender] = _tOwned[sender].sub(tAmount) (../sb/code.sol#864)
		- _tOwned[sender] = _tOwned[sender].sub(tAmount) (../sb/code.sol#1140)
		- _tOwned[recipient] = _tOwned[recipient].add(tTransferAmount) (../sb/code.sol#1131)
		- _tOwned[recipient] = _tOwned[recipient].add(tTransferAmount) (../sb/code.sol#866)
	LiquidityGeneratorToken._tOwned (../sb/code.sol#696) can be used in cross function reentrancies:
	- LiquidityGeneratorToken._getCurrentSupply() (../sb/code.sol#937-947)
	- LiquidityGeneratorToken._takeLiquidity(uint256) (../sb/code.sol#949-955)
	- LiquidityGeneratorToken._transferBothExcluded(address,address,uint256) (../sb/code.sol#862-871)
	- LiquidityGeneratorToken._transferFromExcluded(address,address,uint256) (../sb/code.sol#1138-1146)
	- LiquidityGeneratorToken._transferToExcluded(address,address,uint256) (../sb/code.sol#1128-1136)
	- LiquidityGeneratorToken.balanceOf(address) (../sb/code.sol#792-795)
Reference: https://github.com/crytic/slither/wiki/Detector-Documentation#reentrancy-vulnerabilities

LiquidityGeneratorToken._isExcluded (../sb/code.sol#702) is never initialized. It is used in:
	- LiquidityGeneratorToken.balanceOf(address) (../sb/code.sol#792-795)
	- LiquidityGeneratorToken.isExcludedFromReward(address) (../sb/code.sol#827-829)
	- LiquidityGeneratorToken.deliver(uint256) (../sb/code.sol#835-842)
	- LiquidityGeneratorToken._takeLiquidity(uint256) (../sb/code.sol#949-955)
	- LiquidityGeneratorToken._tokenTransfer(address,address,uint256,bool) (../sb/code.sol#1099-1117)
LiquidityGeneratorToken._excluded (../sb/code.sol#703) is never initialized. It is used in:
	- LiquidityGeneratorToken._getCurrentSupply() (../sb/code.sol#937-947)
Reference: https://github.com/crytic/slither/wiki/Detector-Documentation#uninitialized-state-variables

LiquidityGeneratorToken.setTaxFeePercent(uint256) (../sb/code.sol#881-884) contains a tautology or contradiction:
	- require(bool,string)(taxFee >= 0 && taxFee <= maxTaxFee,taxFee out of range) (../sb/code.sol#882)
LiquidityGeneratorToken.setLiquidityFeePercent(uint256) (../sb/code.sol#886-889) contains a tautology or contradiction:
	- require(bool,string)(liquidityFee >= 0 && liquidityFee <= maxLiqFee,liquidityFee out of range) (../sb/code.sol#887)
Reference: https://github.com/crytic/slither/wiki/Detector-Documentation#tautology-or-contradiction

LiquidityGeneratorToken.addLiquidity(uint256,uint256) (../sb/code.sol#1083-1096) ignores return value by uniswapV2Router.addLiquidityETH{value: ethAmount}(address(this),tokenAmount,0,0,dead,block.timestamp) (../sb/code.sol#1088-1095)
Reference: https://github.com/crytic/slither/wiki/Detector-Documentation#unused-return

LiquidityGeneratorToken.constructor(address,string,string,uint8,uint256,uint8,uint8,uint256,uint256,uint256).name (../sb/code.sol#744) shadows:
	- LiquidityGeneratorToken.name() (../sb/code.sol#776-778) (function)
LiquidityGeneratorToken.constructor(address,string,string,uint8,uint256,uint8,uint8,uint256,uint256,uint256).symbol (../sb/code.sol#744) shadows:
	- LiquidityGeneratorToken.symbol() (../sb/code.sol#780-782) (function)
LiquidityGeneratorToken.allowance(address,address).owner (../sb/code.sol#802) shadows:
	- Ownable.owner() (../sb/code.sol#417-419) (function)
LiquidityGeneratorToken._approve(address,address,uint256).owner (../sb/code.sol#988) shadows:
	- Ownable.owner() (../sb/code.sol#417-419) (function)
Reference: https://github.com/crytic/slither/wiki/Detector-Documentation#local-variable-shadowing

LiquidityGeneratorToken.setTaxFeePercent(uint256) (../sb/code.sol#881-884) should emit an event for: 
	- _taxFee = taxFee (../sb/code.sol#883) 
LiquidityGeneratorToken.setLiquidityFeePercent(uint256) (../sb/code.sol#886-889) should emit an event for: 
	- _liquidityFee = liquidityFee (../sb/code.sol#888) 
LiquidityGeneratorToken.setMaxTxPercent(uint256) (../sb/code.sol#891-896) should emit an event for: 
	- _maxTxAmount = _tTotal.mul(maxTxPercent).div(10 ** 2) (../sb/code.sol#893-895) 
Reference: https://github.com/crytic/slither/wiki/Detector-Documentation#missing-events-arithmetic

Reentrancy in LiquidityGeneratorToken._transfer(address,address,uint256) (../sb/code.sol#996-1040):
	External calls:
	- swapAndLiquify(contractTokenBalance) (../sb/code.sol#1027)
		- uniswapV2Router.addLiquidityETH{value: ethAmount}(address(this),tokenAmount,0,0,dead,block.timestamp) (../sb/code.sol#1088-1095)
		- uniswapV2Router.swapExactTokensForETHSupportingFeeOnTransferTokens(tokenAmount,0,path,address(this),block.timestamp) (../sb/code.sol#1074-1080)
	External calls sending eth:
	- swapAndLiquify(contractTokenBalance) (../sb/code.sol#1027)
		- uniswapV2Router.addLiquidityETH{value: ethAmount}(address(this),tokenAmount,0,0,dead,block.timestamp) (../sb/code.sol#1088-1095)
	State variables written after the call(s):
	- _tokenTransfer(from,to,amount,takeFee) (../sb/code.sol#1039)
		- _liquidityFee = _previousLiquidityFee (../sb/code.sol#981)
		- _liquidityFee = 0 (../sb/code.sol#976)
	- _tokenTransfer(from,to,amount,takeFee) (../sb/code.sol#1039)
		- _previousLiquidityFee = _liquidityFee (../sb/code.sol#973)
	- _tokenTransfer(from,to,amount,takeFee) (../sb/code.sol#1039)
		- _previousTaxFee = _taxFee (../sb/code.sol#972)
	- _tokenTransfer(from,to,amount,takeFee) (../sb/code.sol#1039)
		- _tFeeTotal = _tFeeTotal.add(tFee) (../sb/code.sol#908)
	- _tokenTransfer(from,to,amount,takeFee) (../sb/code.sol#1039)
		- _taxFee = _previousTaxFee (../sb/code.sol#980)
		- _taxFee = 0 (../sb/code.sol#975)
Reentrancy in LiquidityGeneratorToken.swapAndLiquify(uint256) (../sb/code.sol#1042-1063):
	External calls:
	- swapTokensForEth(half) (../sb/code.sol#1054)
		- uniswapV2Router.swapExactTokensForETHSupportingFeeOnTransferTokens(tokenAmount,0,path,address(this),block.timestamp) (../sb/code.sol#1074-1080)
	- addLiquidity(otherHalf,newBalance) (../sb/code.sol#1060)
		- uniswapV2Router.addLiquidityETH{value: ethAmount}(address(this),tokenAmount,0,0,dead,block.timestamp) (../sb/code.sol#1088-1095)
	External calls sending eth:
	- addLiquidity(otherHalf,newBalance) (../sb/code.sol#1060)
		- uniswapV2Router.addLiquidityETH{value: ethAmount}(address(this),tokenAmount,0,0,dead,block.timestamp) (../sb/code.sol#1088-1095)
	State variables written after the call(s):
	- addLiquidity(otherHalf,newBalance) (../sb/code.sol#1060)
		- _allowances[owner][spender] = amount (../sb/code.sol#992)
Reentrancy in LiquidityGeneratorToken.transferFrom(address,address,uint256) (../sb/code.sol#811-815):
	External calls:
	- _transfer(sender,recipient,amount) (../sb/code.sol#812)
		- uniswapV2Router.addLiquidityETH{value: ethAmount}(address(this),tokenAmount,0,0,dead,block.timestamp) (../sb/code.sol#1088-1095)
		- uniswapV2Router.swapExactTokensForETHSupportingFeeOnTransferTokens(tokenAmount,0,path,address(this),block.timestamp) (../sb/code.sol#1074-1080)
	External calls sending eth:
	- _transfer(sender,recipient,amount) (../sb/code.sol#812)
		- uniswapV2Router.addLiquidityETH{value: ethAmount}(address(this),tokenAmount,0,0,dead,block.timestamp) (../sb/code.sol#1088-1095)
	State variables written after the call(s):
	- _approve(sender,_msgSender(),_allowances[sender][_msgSender()].sub(amount,ERC20: transfer amount exceeds allowance)) (../sb/code.sol#813)
		- _allowances[owner][spender] = amount (../sb/code.sol#992)
Reference: https://github.com/crytic/slither/wiki/Detector-Documentation#reentrancy-vulnerabilities-2

Reentrancy in LiquidityGeneratorToken._transfer(address,address,uint256) (../sb/code.sol#996-1040):
	External calls:
	- swapAndLiquify(contractTokenBalance) (../sb/code.sol#1027)
		- uniswapV2Router.addLiquidityETH{value: ethAmount}(address(this),tokenAmount,0,0,dead,block.timestamp) (../sb/code.sol#1088-1095)
		- uniswapV2Router.swapExactTokensForETHSupportingFeeOnTransferTokens(tokenAmount,0,path,address(this),block.timestamp) (../sb/code.sol#1074-1080)
	External calls sending eth:
	- swapAndLiquify(contractTokenBalance) (../sb/code.sol#1027)
		- uniswapV2Router.addLiquidityETH{value: ethAmount}(address(this),tokenAmount,0,0,dead,block.timestamp) (../sb/code.sol#1088-1095)
	Event emitted after the call(s):
	- Transfer(sender,recipient,tTransferAmount) (../sb/code.sol#1125)
		- _tokenTransfer(from,to,amount,takeFee) (../sb/code.sol#1039)
	- Transfer(sender,recipient,tTransferAmount) (../sb/code.sol#1145)
		- _tokenTransfer(from,to,amount,takeFee) (../sb/code.sol#1039)
	- Transfer(sender,recipient,tTransferAmount) (../sb/code.sol#1135)
		- _tokenTransfer(from,to,amount,takeFee) (../sb/code.sol#1039)
	- Transfer(sender,recipient,tTransferAmount) (../sb/code.sol#870)
		- _tokenTransfer(from,to,amount,takeFee) (../sb/code.sol#1039)
Reentrancy in LiquidityGeneratorToken.swapAndLiquify(uint256) (../sb/code.sol#1042-1063):
	External calls:
	- swapTokensForEth(half) (../sb/code.sol#1054)
		- uniswapV2Router.swapExactTokensForETHSupportingFeeOnTransferTokens(tokenAmount,0,path,address(this),block.timestamp) (../sb/code.sol#1074-1080)
	- addLiquidity(otherHalf,newBalance) (../sb/code.sol#1060)
		- uniswapV2Router.addLiquidityETH{value: ethAmount}(address(this),tokenAmount,0,0,dead,block.timestamp) (../sb/code.sol#1088-1095)
	External calls sending eth:
	- addLiquidity(otherHalf,newBalance) (../sb/code.sol#1060)
		- uniswapV2Router.addLiquidityETH{value: ethAmount}(address(this),tokenAmount,0,0,dead,block.timestamp) (../sb/code.sol#1088-1095)
	Event emitted after the call(s):
	- Approval(owner,spender,amount) (../sb/code.sol#993)
		- addLiquidity(otherHalf,newBalance) (../sb/code.sol#1060)
	- SwapAndLiquify(half,newBalance,otherHalf) (../sb/code.sol#1062)
Reentrancy in LiquidityGeneratorToken.transferFrom(address,address,uint256) (../sb/code.sol#811-815):
	External calls:
	- _transfer(sender,recipient,amount) (../sb/code.sol#812)
		- uniswapV2Router.addLiquidityETH{value: ethAmount}(address(this),tokenAmount,0,0,dead,block.timestamp) (../sb/code.sol#1088-1095)
		- uniswapV2Router.swapExactTokensForETHSupportingFeeOnTransferTokens(tokenAmount,0,path,address(this),block.timestamp) (../sb/code.sol#1074-1080)
	External calls sending eth:
	- _transfer(sender,recipient,amount) (../sb/code.sol#812)
		- uniswapV2Router.addLiquidityETH{value: ethAmount}(address(this),tokenAmount,0,0,dead,block.timestamp) (../sb/code.sol#1088-1095)
	Event emitted after the call(s):
	- Approval(owner,spender,amount) (../sb/code.sol#993)
		- _approve(sender,_msgSender(),_allowances[sender][_msgSender()].sub(amount,ERC20: transfer amount exceeds allowance)) (../sb/code.sol#813)
Reference: https://github.com/crytic/slither/wiki/Detector-Documentation#reentrancy-vulnerabilities-3

Ownable.unlock() (../sb/code.sol#464-469) uses timestamp for comparisons
	Dangerous comparisons:
	- require(bool,string)(now > _lockTime,Contract is locked until 7 days) (../sb/code.sol#466)
Reference: https://github.com/crytic/slither/wiki/Detector-Documentation#block-timestamp

Address.isContract(address) (../sb/code.sol#269-278) uses assembly
	- INLINE ASM (../sb/code.sol#276)
Address._functionCallWithValue(address,bytes,uint256,string) (../sb/code.sol#362-383) uses assembly
	- INLINE ASM (../sb/code.sol#375-378)
Reference: https://github.com/crytic/slither/wiki/Detector-Documentation#assembly-usage

Context._msgData() (../sb/code.sol#241-244) is never used and should be removed
Reference: https://github.com/crytic/slither/wiki/Detector-Documentation#dead-code

LiquidityGeneratorToken._previousTaxFee (../sb/code.sol#716) is set pre-construction with a non-constant function or state variable:
	- _taxFee
LiquidityGeneratorToken._previousLiquidityFee (../sb/code.sol#719) is set pre-construction with a non-constant function or state variable:
	- _liquidityFee
Reference: https://github.com/crytic/slither/wiki/Detector-Documentation#function-initializing-state

Version constraint ^0.6.12 contains known severe issues (https://solidity.readthedocs.io/en/latest/bugs.html)
	- FullInlinerNonExpressionSplitArgumentEvaluationOrder
	- MissingSideEffectsOnSelectorAccess
	- AbiReencodingHeadOverflowWithStaticArrayCleanup
	- DirtyBytesArrayToStorage
	- DataLocationChangeInInternalOverride
	- NestedCalldataArrayAbiReencodingSizeValidation
	- SignedImmutables
	- ABIDecodeTwoDimensionalArrayMemory
	- KeccakCaching
	- EmptyByteArrayCopy
	- DynamicArrayCleanup.
It is used by:
	- ^0.6.12 (../sb/code.sol#7)
solc-0.6.12 is an outdated solc version. Use a more recent version (at least 0.8.0), if possible.
Reference: https://github.com/crytic/slither/wiki/Detector-Documentation#incorrect-versions-of-solidity

Low level call in Address.sendValue(address,uint256) (../sb/code.sol#296-302):
	- (success,None) = recipient.call{value: amount}() (../sb/code.sol#300)
Low level call in Address._functionCallWithValue(address,bytes,uint256,string) (../sb/code.sol#362-383):
	- (success,returndata) = target.call{value: weiValue}(data) (../sb/code.sol#366)
Reference: https://github.com/crytic/slither/wiki/Detector-Documentation#low-level-calls

Function IUniswapV2Pair.DOMAIN_SEPARATOR() (../sb/code.sol#508) is not in mixedCase
Function IUniswapV2Pair.PERMIT_TYPEHASH() (../sb/code.sol#509) is not in mixedCase
Function IUniswapV2Pair.MINIMUM_LIQUIDITY() (../sb/code.sol#526) is not in mixedCase
Function IUniswapV2Router01.WETH() (../sb/code.sol#548) is not in mixedCase
Parameter LiquidityGeneratorToken.setSwapAndLiquifyEnabled(bool)._enabled (../sb/code.sol#898) is not in mixedCase
Parameter LiquidityGeneratorToken.calculateTaxFee(uint256)._amount (../sb/code.sol#957) is not in mixedCase
Parameter LiquidityGeneratorToken.calculateLiquidityFee(uint256)._amount (../sb/code.sol#963) is not in mixedCase
Variable LiquidityGeneratorToken._tTotal (../sb/code.sol#706) is not in mixedCase
Variable LiquidityGeneratorToken._name (../sb/code.sol#711) is not in mixedCase
Variable LiquidityGeneratorToken._symbol (../sb/code.sol#712) is not in mixedCase
Variable LiquidityGeneratorToken._taxFee (../sb/code.sol#715) is not in mixedCase
Variable LiquidityGeneratorToken._liquidityFee (../sb/code.sol#718) is not in mixedCase
Variable LiquidityGeneratorToken._maxTxAmount (../sb/code.sol#727) is not in mixedCase
Reference: https://github.com/crytic/slither/wiki/Detector-Documentation#conformance-to-solidity-naming-conventions

Redundant expression "this (../sb/code.sol#242)" inContext (../sb/code.sol#236-245)
Reference: https://github.com/crytic/slither/wiki/Detector-Documentation#redundant-statements

Loop condition i < _excluded.length (../sb/code.sol#940) should use cached array length instead of referencing `length` member of the storage array.
 Reference: https://github.com/crytic/slither/wiki/Detector-Documentation#cache-array-length

LiquidityGeneratorToken.dead (../sb/code.sol#689) should be constant 
LiquidityGeneratorToken.mintedByDxsale (../sb/code.sol#710) should be constant 
LiquidityGeneratorToken.router (../sb/code.sol#704) should be constant 
Reference: https://github.com/crytic/slither/wiki/Detector-Documentation#state-variables-that-could-be-declared-constant

LiquidityGeneratorToken._decimals (../sb/code.sol#713) should be immutable 
LiquidityGeneratorToken._tTotal (../sb/code.sol#706) should be immutable 
LiquidityGeneratorToken.maxLiqFee (../sb/code.sol#690) should be immutable 
LiquidityGeneratorToken.maxTaxFee (../sb/code.sol#691) should be immutable 
LiquidityGeneratorToken.minMxTxPercentage (../sb/code.sol#692) should be immutable 
LiquidityGeneratorToken.numTokensSellToAddToLiquidity (../sb/code.sol#728) should be immutable 
Reference: https://github.com/crytic/slither/wiki/Detector-Documentation#state-variables-that-could-be-declared-immutable
/sb/code.sol analyzed (10 contracts with 100 detectors), 53 result(s) found
