'solc --version' running
'solc /sb/Etherscan-0x4e15361fd6b4bb609fa63c81a2be19d873717870.sol --combined-json abi,ast,bin,bin-runtime,srcmap,srcmap-runtime,userdoc,devdoc,hashes,compact-format --allow-paths .,/sb' running

LockSlots.lockTerm (../sb/Etherscan-0x4e15361fd6b4bb609fa63c81a2be19d873717870.sol#207) is never initialized. It is used in:
	- LockSlots.registerLockedTokens(address,uint256,uint256) (../sb/Etherscan-0x4e15361fd6b4bb609fa63c81a2be19d873717870.sol#213-239)
	- LockSlots.isAvailableLockSlot(address,uint256) (../sb/Etherscan-0x4e15361fd6b4bb609fa63c81a2be19d873717870.sol#252-260)
	- LockSlots.pNumberOfLockedTokens(address) (../sb/Etherscan-0x4e15361fd6b4bb609fa63c81a2be19d873717870.sol#272-278)
LockSlots.lockAmnt (../sb/Etherscan-0x4e15361fd6b4bb609fa63c81a2be19d873717870.sol#208) is never initialized. It is used in:
	- LockSlots.registerLockedTokens(address,uint256,uint256) (../sb/Etherscan-0x4e15361fd6b4bb609fa63c81a2be19d873717870.sol#213-239)
	- LockSlots.pNumberOfLockedTokens(address) (../sb/Etherscan-0x4e15361fd6b4bb609fa63c81a2be19d873717870.sol#272-278)
Reference: https://github.com/crytic/slither/wiki/Detector-Documentation#uninitialized-state-variables

FantomToken.buyTokens().eth_returned (../sb/Etherscan-0x4e15361fd6b4bb609fa63c81a2be19d873717870.sol#548) is a local variable never initialized
Reference: https://github.com/crytic/slither/wiki/Detector-Documentation#uninitialized-local-variables

LockSlots.registerLockedTokens(address,uint256,uint256) (../sb/Etherscan-0x4e15361fd6b4bb609fa63c81a2be19d873717870.sol#213-239) uses timestamp for comparisons
	Dangerous comparisons:
	- require(bool,string)(_term > now,lock term must be in the future) (../sb/Etherscan-0x4e15361fd6b4bb609fa63c81a2be19d873717870.sol#214)
	- term[i] < now (../sb/Etherscan-0x4e15361fd6b4bb609fa63c81a2be19d873717870.sol#223)
LockSlots.isAvailableLockSlot(address,uint256) (../sb/Etherscan-0x4e15361fd6b4bb609fa63c81a2be19d873717870.sol#252-260) uses timestamp for comparisons
	Dangerous comparisons:
	- _term < now (../sb/Etherscan-0x4e15361fd6b4bb609fa63c81a2be19d873717870.sol#254)
	- term[i] < now || term[i] == _term (../sb/Etherscan-0x4e15361fd6b4bb609fa63c81a2be19d873717870.sol#257)
LockSlots.pNumberOfLockedTokens(address) (../sb/Etherscan-0x4e15361fd6b4bb609fa63c81a2be19d873717870.sol#272-278) uses timestamp for comparisons
	Dangerous comparisons:
	- term[i] >= now (../sb/Etherscan-0x4e15361fd6b4bb609fa63c81a2be19d873717870.sol#276)
FantomIcoDates.constructor() (../sb/Etherscan-0x4e15361fd6b4bb609fa63c81a2be19d873717870.sol#306-308) uses timestamp for comparisons
	Dangerous comparisons:
	- require(bool)(now < dateMainStart) (../sb/Etherscan-0x4e15361fd6b4bb609fa63c81a2be19d873717870.sol#307)
FantomIcoDates.setDateMainStart(uint256) (../sb/Etherscan-0x4e15361fd6b4bb609fa63c81a2be19d873717870.sol#312-316) uses timestamp for comparisons
	Dangerous comparisons:
	- require(bool)(now < _unixts && now < dateMainStart) (../sb/Etherscan-0x4e15361fd6b4bb609fa63c81a2be19d873717870.sol#313)
FantomIcoDates.setDateMainEnd(uint256) (../sb/Etherscan-0x4e15361fd6b4bb609fa63c81a2be19d873717870.sol#318-322) uses timestamp for comparisons
	Dangerous comparisons:
	- require(bool)(now < _unixts && now < dateMainEnd) (../sb/Etherscan-0x4e15361fd6b4bb609fa63c81a2be19d873717870.sol#319)
FantomIcoDates.isMainFirstDay() (../sb/Etherscan-0x4e15361fd6b4bb609fa63c81a2be19d873717870.sol#326-329) uses timestamp for comparisons
	Dangerous comparisons:
	- now > dateMainStart && now <= dateMainStart + 86400 (../sb/Etherscan-0x4e15361fd6b4bb609fa63c81a2be19d873717870.sol#327)
FantomIcoDates.isMain() (../sb/Etherscan-0x4e15361fd6b4bb609fa63c81a2be19d873717870.sol#331-334) uses timestamp for comparisons
	Dangerous comparisons:
	- now > dateMainStart && now < dateMainEnd (../sb/Etherscan-0x4e15361fd6b4bb609fa63c81a2be19d873717870.sol#332)
FantomToken.updateTokensPerEth(uint256) (../sb/Etherscan-0x4e15361fd6b4bb609fa63c81a2be19d873717870.sol#457-461) uses timestamp for comparisons
	Dangerous comparisons:
	- require(bool)(now < dateMainStart) (../sb/Etherscan-0x4e15361fd6b4bb609fa63c81a2be19d873717870.sol#458)
FantomToken.makeTradeable() (../sb/Etherscan-0x4e15361fd6b4bb609fa63c81a2be19d873717870.sol#467-470) uses timestamp for comparisons
	Dangerous comparisons:
	- require(bool)(msg.sender == owner || now > dateMainEnd + 12096000) (../sb/Etherscan-0x4e15361fd6b4bb609fa63c81a2be19d873717870.sol#468)
FantomToken.openMigrationPhase() (../sb/Etherscan-0x4e15361fd6b4bb609fa63c81a2be19d873717870.sol#472-475) uses timestamp for comparisons
	Dangerous comparisons:
	- require(bool)(now > dateMainEnd) (../sb/Etherscan-0x4e15361fd6b4bb609fa63c81a2be19d873717870.sol#473)
FantomToken.pMintTokens(uint256,address,uint256,uint256) (../sb/Etherscan-0x4e15361fd6b4bb609fa63c81a2be19d873717870.sol#502-522) uses timestamp for comparisons
	Dangerous comparisons:
	- require(bool,string)(_term == 0 || _term > now,either without lock term, or lock term must be in the future) (../sb/Etherscan-0x4e15361fd6b4bb609fa63c81a2be19d873717870.sol#507)
Reference: https://github.com/crytic/slither/wiki/Detector-Documentation#block-timestamp

Owned.addAdmin(address) (../sb/Etherscan-0x4e15361fd6b4bb609fa63c81a2be19d873717870.sol#81-85) compares to a boolean constant:
	-require(bool)(isAdmin[_a] == false) (../sb/Etherscan-0x4e15361fd6b4bb609fa63c81a2be19d873717870.sol#82)
Owned.removeAdmin(address) (../sb/Etherscan-0x4e15361fd6b4bb609fa63c81a2be19d873717870.sol#87-91) compares to a boolean constant:
	-require(bool)(isAdmin[_a] == true) (../sb/Etherscan-0x4e15361fd6b4bb609fa63c81a2be19d873717870.sol#88)
Reference: https://github.com/crytic/slither/wiki/Detector-Documentation#boolean-equality

FantomToken.pWhitelist(address) (../sb/Etherscan-0x4e15361fd6b4bb609fa63c81a2be19d873717870.sol#448-453) has costly operations inside a loop:
	- numberWhitelisted = numberWhitelisted.add(1) (../sb/Etherscan-0x4e15361fd6b4bb609fa63c81a2be19d873717870.sol#451)
	Calls stack containing the loop:
		FantomToken.addToWhitelistMultiple(address[])
FantomToken.pMintTokens(uint256,address,uint256,uint256) (../sb/Etherscan-0x4e15361fd6b4bb609fa63c81a2be19d873717870.sol#502-522) has costly operations inside a loop:
	- tokensMinted = tokensMinted.add(_tokens) (../sb/Etherscan-0x4e15361fd6b4bb609fa63c81a2be19d873717870.sol#516)
	Calls stack containing the loop:
		FantomToken.mintTokensMultiple(uint256,address[],uint256[])
FantomToken.pMintTokens(uint256,address,uint256,uint256) (../sb/Etherscan-0x4e15361fd6b4bb609fa63c81a2be19d873717870.sol#502-522) has costly operations inside a loop:
	- tokensIssuedTotal = tokensIssuedTotal.add(_tokens) (../sb/Etherscan-0x4e15361fd6b4bb609fa63c81a2be19d873717870.sol#517)
	Calls stack containing the loop:
		FantomToken.mintTokensMultiple(uint256,address[],uint256[])
FantomToken.pMintTokens(uint256,address,uint256,uint256) (../sb/Etherscan-0x4e15361fd6b4bb609fa63c81a2be19d873717870.sol#502-522) has costly operations inside a loop:
	- tokensMinted = tokensMinted.add(_tokens) (../sb/Etherscan-0x4e15361fd6b4bb609fa63c81a2be19d873717870.sol#516)
	Calls stack containing the loop:
		FantomToken.mintTokensLockedMultiple(uint256,address[],uint256[],uint256[])
FantomToken.pMintTokens(uint256,address,uint256,uint256) (../sb/Etherscan-0x4e15361fd6b4bb609fa63c81a2be19d873717870.sol#502-522) has costly operations inside a loop:
	- tokensIssuedTotal = tokensIssuedTotal.add(_tokens) (../sb/Etherscan-0x4e15361fd6b4bb609fa63c81a2be19d873717870.sol#517)
	Calls stack containing the loop:
		FantomToken.mintTokensLockedMultiple(uint256,address[],uint256[],uint256[])
Reference: https://github.com/crytic/slither/wiki/Detector-Documentation#costly-operations-inside-a-loop

Version constraint ^0.4.23 contains known severe issues (https://solidity.readthedocs.io/en/latest/bugs.html)
	- DirtyBytesArrayToStorage
	- ABIDecodeTwoDimensionalArrayMemory
	- KeccakCaching
	- EmptyByteArrayCopy
	- DynamicArrayCleanup
	- ImplicitConstructorCallvalueCheck
	- TupleAssignmentMultiStackSlotComponents
	- MemoryArrayCreationOverflow
	- privateCanBeOverridden
	- SignedArrayStorageCopy
	- ABIEncoderV2StorageArrayWithMultiSlotElement
	- DynamicConstructorArgumentsClippedABIV2
	- UninitializedFunctionPointerInConstructor_0.4.x
	- IncorrectEventSignatureInLibraries_0.4.x
	- ABIEncoderV2PackedStorage_0.4.x
	- ExpExponentCleanup
	- EventStructWrongData.
It is used by:
	- ^0.4.23 (../sb/Etherscan-0x4e15361fd6b4bb609fa63c81a2be19d873717870.sol#5)
solc-0.4.26 is an outdated solc version. Use a more recent version (at least 0.8.0), if possible.
Reference: https://github.com/crytic/slither/wiki/Detector-Documentation#incorrect-versions-of-solidity

Parameter Owned.transferOwnership(address)._newOwner (../sb/Etherscan-0x4e15361fd6b4bb609fa63c81a2be19d873717870.sol#69) is not in mixedCase
Parameter Owned.addAdmin(address)._a (../sb/Etherscan-0x4e15361fd6b4bb609fa63c81a2be19d873717870.sol#81) is not in mixedCase
Parameter Owned.removeAdmin(address)._a (../sb/Etherscan-0x4e15361fd6b4bb609fa63c81a2be19d873717870.sol#87) is not in mixedCase
Parameter Wallet.setWallet(address)._wallet (../sb/Etherscan-0x4e15361fd6b4bb609fa63c81a2be19d873717870.sol#112) is not in mixedCase
Parameter ERC20Token.balanceOf(address)._owner (../sb/Etherscan-0x4e15361fd6b4bb609fa63c81a2be19d873717870.sol#161) is not in mixedCase
Parameter ERC20Token.transfer(address,uint256)._to (../sb/Etherscan-0x4e15361fd6b4bb609fa63c81a2be19d873717870.sol#166) is not in mixedCase
Parameter ERC20Token.transfer(address,uint256)._amount (../sb/Etherscan-0x4e15361fd6b4bb609fa63c81a2be19d873717870.sol#166) is not in mixedCase
Parameter ERC20Token.approve(address,uint256)._spender (../sb/Etherscan-0x4e15361fd6b4bb609fa63c81a2be19d873717870.sol#174) is not in mixedCase
Parameter ERC20Token.approve(address,uint256)._amount (../sb/Etherscan-0x4e15361fd6b4bb609fa63c81a2be19d873717870.sol#174) is not in mixedCase
Parameter ERC20Token.transferFrom(address,address,uint256)._from (../sb/Etherscan-0x4e15361fd6b4bb609fa63c81a2be19d873717870.sol#180) is not in mixedCase
Parameter ERC20Token.transferFrom(address,address,uint256)._to (../sb/Etherscan-0x4e15361fd6b4bb609fa63c81a2be19d873717870.sol#180) is not in mixedCase
Parameter ERC20Token.transferFrom(address,address,uint256)._amount (../sb/Etherscan-0x4e15361fd6b4bb609fa63c81a2be19d873717870.sol#180) is not in mixedCase
Parameter ERC20Token.allowance(address,address)._owner (../sb/Etherscan-0x4e15361fd6b4bb609fa63c81a2be19d873717870.sol#189) is not in mixedCase
Parameter ERC20Token.allowance(address,address)._spender (../sb/Etherscan-0x4e15361fd6b4bb609fa63c81a2be19d873717870.sol#189) is not in mixedCase
Parameter LockSlots.registerLockedTokens(address,uint256,uint256)._account (../sb/Etherscan-0x4e15361fd6b4bb609fa63c81a2be19d873717870.sol#213) is not in mixedCase
Parameter LockSlots.registerLockedTokens(address,uint256,uint256)._tokens (../sb/Etherscan-0x4e15361fd6b4bb609fa63c81a2be19d873717870.sol#213) is not in mixedCase
Parameter LockSlots.registerLockedTokens(address,uint256,uint256)._term (../sb/Etherscan-0x4e15361fd6b4bb609fa63c81a2be19d873717870.sol#213) is not in mixedCase
Parameter LockSlots.lockedTokens(address)._account (../sb/Etherscan-0x4e15361fd6b4bb609fa63c81a2be19d873717870.sol#243) is not in mixedCase
Parameter LockSlots.unlockedTokens(address)._account (../sb/Etherscan-0x4e15361fd6b4bb609fa63c81a2be19d873717870.sol#248) is not in mixedCase
Parameter LockSlots.isAvailableLockSlot(address,uint256)._account (../sb/Etherscan-0x4e15361fd6b4bb609fa63c81a2be19d873717870.sol#252) is not in mixedCase
Parameter LockSlots.isAvailableLockSlot(address,uint256)._term (../sb/Etherscan-0x4e15361fd6b4bb609fa63c81a2be19d873717870.sol#252) is not in mixedCase
Parameter LockSlots.unlockedTokensInternal(address)._account (../sb/Etherscan-0x4e15361fd6b4bb609fa63c81a2be19d873717870.sol#264) is not in mixedCase
Parameter LockSlots.pNumberOfLockedTokens(address)._account (../sb/Etherscan-0x4e15361fd6b4bb609fa63c81a2be19d873717870.sol#272) is not in mixedCase
Parameter FantomIcoDates.setDateMainStart(uint256)._unixts (../sb/Etherscan-0x4e15361fd6b4bb609fa63c81a2be19d873717870.sol#312) is not in mixedCase
Parameter FantomIcoDates.setDateMainEnd(uint256)._unixts (../sb/Etherscan-0x4e15361fd6b4bb609fa63c81a2be19d873717870.sol#318) is not in mixedCase
Parameter FantomToken.ethToTokens(uint256)._eth (../sb/Etherscan-0x4e15361fd6b4bb609fa63c81a2be19d873717870.sol#428) is not in mixedCase
Parameter FantomToken.tokensToEth(uint256)._tokens (../sb/Etherscan-0x4e15361fd6b4bb609fa63c81a2be19d873717870.sol#432) is not in mixedCase
Parameter FantomToken.addToWhitelist(address)._account (../sb/Etherscan-0x4e15361fd6b4bb609fa63c81a2be19d873717870.sol#438) is not in mixedCase
Parameter FantomToken.addToWhitelistMultiple(address[])._addresses (../sb/Etherscan-0x4e15361fd6b4bb609fa63c81a2be19d873717870.sol#442) is not in mixedCase
Parameter FantomToken.pWhitelist(address)._account (../sb/Etherscan-0x4e15361fd6b4bb609fa63c81a2be19d873717870.sol#448) is not in mixedCase
Parameter FantomToken.updateTokensPerEth(uint256)._tokens_per_eth (../sb/Etherscan-0x4e15361fd6b4bb609fa63c81a2be19d873717870.sol#457) is not in mixedCase
Parameter FantomToken.mintTokens(uint256,address,uint256)._mint_type (../sb/Etherscan-0x4e15361fd6b4bb609fa63c81a2be19d873717870.sol#479) is not in mixedCase
Parameter FantomToken.mintTokens(uint256,address,uint256)._account (../sb/Etherscan-0x4e15361fd6b4bb609fa63c81a2be19d873717870.sol#479) is not in mixedCase
Parameter FantomToken.mintTokens(uint256,address,uint256)._tokens (../sb/Etherscan-0x4e15361fd6b4bb609fa63c81a2be19d873717870.sol#479) is not in mixedCase
Parameter FantomToken.mintTokensMultiple(uint256,address[],uint256[])._mint_type (../sb/Etherscan-0x4e15361fd6b4bb609fa63c81a2be19d873717870.sol#483) is not in mixedCase
Parameter FantomToken.mintTokensMultiple(uint256,address[],uint256[])._accounts (../sb/Etherscan-0x4e15361fd6b4bb609fa63c81a2be19d873717870.sol#483) is not in mixedCase
Parameter FantomToken.mintTokensMultiple(uint256,address[],uint256[])._tokens (../sb/Etherscan-0x4e15361fd6b4bb609fa63c81a2be19d873717870.sol#483) is not in mixedCase
Parameter FantomToken.mintTokensLocked(uint256,address,uint256,uint256)._mint_type (../sb/Etherscan-0x4e15361fd6b4bb609fa63c81a2be19d873717870.sol#490) is not in mixedCase
Parameter FantomToken.mintTokensLocked(uint256,address,uint256,uint256)._account (../sb/Etherscan-0x4e15361fd6b4bb609fa63c81a2be19d873717870.sol#490) is not in mixedCase
Parameter FantomToken.mintTokensLocked(uint256,address,uint256,uint256)._tokens (../sb/Etherscan-0x4e15361fd6b4bb609fa63c81a2be19d873717870.sol#490) is not in mixedCase
Parameter FantomToken.mintTokensLocked(uint256,address,uint256,uint256)._term (../sb/Etherscan-0x4e15361fd6b4bb609fa63c81a2be19d873717870.sol#490) is not in mixedCase
Parameter FantomToken.mintTokensLockedMultiple(uint256,address[],uint256[],uint256[])._mint_type (../sb/Etherscan-0x4e15361fd6b4bb609fa63c81a2be19d873717870.sol#494) is not in mixedCase
Parameter FantomToken.mintTokensLockedMultiple(uint256,address[],uint256[],uint256[])._accounts (../sb/Etherscan-0x4e15361fd6b4bb609fa63c81a2be19d873717870.sol#494) is not in mixedCase
Parameter FantomToken.mintTokensLockedMultiple(uint256,address[],uint256[],uint256[])._tokens (../sb/Etherscan-0x4e15361fd6b4bb609fa63c81a2be19d873717870.sol#494) is not in mixedCase
Parameter FantomToken.mintTokensLockedMultiple(uint256,address[],uint256[],uint256[])._terms (../sb/Etherscan-0x4e15361fd6b4bb609fa63c81a2be19d873717870.sol#494) is not in mixedCase
Parameter FantomToken.pMintTokens(uint256,address,uint256,uint256)._mint_type (../sb/Etherscan-0x4e15361fd6b4bb609fa63c81a2be19d873717870.sol#502) is not in mixedCase
Parameter FantomToken.pMintTokens(uint256,address,uint256,uint256)._account (../sb/Etherscan-0x4e15361fd6b4bb609fa63c81a2be19d873717870.sol#502) is not in mixedCase
Parameter FantomToken.pMintTokens(uint256,address,uint256,uint256)._tokens (../sb/Etherscan-0x4e15361fd6b4bb609fa63c81a2be19d873717870.sol#502) is not in mixedCase
Parameter FantomToken.pMintTokens(uint256,address,uint256,uint256)._term (../sb/Etherscan-0x4e15361fd6b4bb609fa63c81a2be19d873717870.sol#502) is not in mixedCase
Parameter FantomToken.requestTokenExchange(uint256)._tokens (../sb/Etherscan-0x4e15361fd6b4bb609fa63c81a2be19d873717870.sol#579) is not in mixedCase
Parameter FantomToken.transferAnyERC20Token(address,uint256)._token_address (../sb/Etherscan-0x4e15361fd6b4bb609fa63c81a2be19d873717870.sol#592) is not in mixedCase
Parameter FantomToken.transferAnyERC20Token(address,uint256)._amount (../sb/Etherscan-0x4e15361fd6b4bb609fa63c81a2be19d873717870.sol#592) is not in mixedCase
Parameter FantomToken.transfer(address,uint256)._to (../sb/Etherscan-0x4e15361fd6b4bb609fa63c81a2be19d873717870.sol#598) is not in mixedCase
Parameter FantomToken.transfer(address,uint256)._amount (../sb/Etherscan-0x4e15361fd6b4bb609fa63c81a2be19d873717870.sol#598) is not in mixedCase
Parameter FantomToken.transferFrom(address,address,uint256)._from (../sb/Etherscan-0x4e15361fd6b4bb609fa63c81a2be19d873717870.sol#606) is not in mixedCase
Parameter FantomToken.transferFrom(address,address,uint256)._to (../sb/Etherscan-0x4e15361fd6b4bb609fa63c81a2be19d873717870.sol#606) is not in mixedCase
Parameter FantomToken.transferFrom(address,address,uint256)._amount (../sb/Etherscan-0x4e15361fd6b4bb609fa63c81a2be19d873717870.sol#606) is not in mixedCase
Parameter FantomToken.transferMultiple(address[],uint256[])._addresses (../sb/Etherscan-0x4e15361fd6b4bb609fa63c81a2be19d873717870.sol#614) is not in mixedCase
Parameter FantomToken.transferMultiple(address[],uint256[])._amounts (../sb/Etherscan-0x4e15361fd6b4bb609fa63c81a2be19d873717870.sol#614) is not in mixedCase
Reference: https://github.com/crytic/slither/wiki/Detector-Documentation#conformance-to-solidity-naming-conventions

Reentrancy in FantomToken.buyTokens() (../sb/Etherscan-0x4e15361fd6b4bb609fa63c81a2be19d873717870.sol#526-571):
	External calls:
	- msg.sender.transfer(eth_returned) (../sb/Etherscan-0x4e15361fd6b4bb609fa63c81a2be19d873717870.sol#565)
	- wallet.transfer(eth_contributed) (../sb/Etherscan-0x4e15361fd6b4bb609fa63c81a2be19d873717870.sol#566)
	Event emitted after the call(s):
	- RegisterContribution(msg.sender,tokens_issued,eth_contributed,eth_returned) (../sb/Etherscan-0x4e15361fd6b4bb609fa63c81a2be19d873717870.sol#570)
	- Transfer(0x0,msg.sender,tokens_issued) (../sb/Etherscan-0x4e15361fd6b4bb609fa63c81a2be19d873717870.sol#569)
Reference: https://github.com/crytic/slither/wiki/Detector-Documentation#reentrancy-vulnerabilities-4

FantomToken.slitherConstructorConstantVariables() (../sb/Etherscan-0x4e15361fd6b4bb609fa63c81a2be19d873717870.sol#344-626) uses literals with too many digits:
	- MAX_TOTAL_TOKEN_SUPPLY = 3175000000 * E18 (../sb/Etherscan-0x4e15361fd6b4bb609fa63c81a2be19d873717870.sol#358)
FantomToken.slitherConstructorConstantVariables() (../sb/Etherscan-0x4e15361fd6b4bb609fa63c81a2be19d873717870.sol#344-626) uses literals with too many digits:
	- TOKEN_MAIN_CAP = 50000000 * E18 (../sb/Etherscan-0x4e15361fd6b4bb609fa63c81a2be19d873717870.sol#374)
Reference: https://github.com/crytic/slither/wiki/Detector-Documentation#too-many-digits

addToWhitelistMultiple(address[]) should be declared external:
	- FantomToken.addToWhitelistMultiple(address[]) (../sb/Etherscan-0x4e15361fd6b4bb609fa63c81a2be19d873717870.sol#442-446)
mintTokensMultiple(uint256,address[],uint256[]) should be declared external:
	- FantomToken.mintTokensMultiple(uint256,address[],uint256[]) (../sb/Etherscan-0x4e15361fd6b4bb609fa63c81a2be19d873717870.sol#483-488)
mintTokensLockedMultiple(uint256,address[],uint256[],uint256[]) should be declared external:
	- FantomToken.mintTokensLockedMultiple(uint256,address[],uint256[],uint256[]) (../sb/Etherscan-0x4e15361fd6b4bb609fa63c81a2be19d873717870.sol#494-500)
Reference: https://github.com/crytic/slither/wiki/Detector-Documentation#public-function-that-could-be-declared-external
/sb/Etherscan-0x4e15361fd6b4bb609fa63c81a2be19d873717870.sol analyzed (8 contracts with 100 detectors), 89 result(s) found
