'solc --version' running
'solc /sb/MyToken.sol --combined-json abi,ast,bin,bin-runtime,srcmap,srcmap-runtime,userdoc,devdoc,hashes,compact-format --allow-paths .,/sb' running
Compilation warnings/errors on /sb/MyToken.sol:
/sb/MyToken.sol:20:5: Warning: Defining constructors as functions with the same name as the contract is deprecated. Use "constructor(...) { ... }" instead.
    function MyToken(
    ^ (Relevant source part starts here and spans across multiple lines).
/sb/MyToken.sol:35:45: Warning: "throw" is deprecated in favour of "revert()", "require()" and "assert()".
        if (balanceOf[msg.sender] < _value) throw;           // Check if the sender has enough
                                            ^---^
/sb/MyToken.sol:36:55: Warning: "throw" is deprecated in favour of "revert()", "require()" and "assert()".
        if (balanceOf[_to] + _value < balanceOf[_to]) throw; // Check for overflows
                                                      ^---^
/sb/MyToken.sol:61:40: Warning: "throw" is deprecated in favour of "revert()", "require()" and "assert()".
        if (balanceOf[_from] < _value) throw;                 // Check if the sender has enough
                                       ^---^
/sb/MyToken.sol:62:55: Warning: "throw" is deprecated in favour of "revert()", "require()" and "assert()".
        if (balanceOf[_to] + _value < balanceOf[_to]) throw;  // Check for overflows
                                                      ^---^
/sb/MyToken.sol:63:52: Warning: "throw" is deprecated in favour of "revert()", "require()" and "assert()".
        if (_value > allowance[_from][msg.sender]) throw;   // Check allowance
                                                   ^---^
/sb/MyToken.sol:74:9: Warning: "throw" is deprecated in favour of "revert()", "require()" and "assert()".
        throw;     // Prevents accidental sending of ether
        ^---^
/sb/MyToken.sol:39:9: Warning: Invoking events without "emit" prefix is deprecated.
        Transfer(msg.sender, _to, _value);                   // Notify anyone listening that this transfer took place
        ^-------------------------------^
/sb/MyToken.sol:67:9: Warning: Invoking events without "emit" prefix is deprecated.
        Transfer(_from, _to, _value);
        ^--------------------------^
/sb/MyToken.sol:2:27: Warning: No visibility specified. Defaulting to "public". 
contract tokenRecipient { function receiveApproval(address _from, uint256 _value, address _token, bytes _extraData); }
                          ^----------------------------------------------------------------------------------------^
/sb/MyToken.sol:20:5: Warning: No visibility specified. Defaulting to "public". 
    function MyToken(
    ^ (Relevant source part starts here and spans across multiple lines).
/sb/MyToken.sol:34:5: Warning: No visibility specified. Defaulting to "public". 
    function transfer(address _to, uint256 _value) {
    ^ (Relevant source part starts here and spans across multiple lines).
/sb/MyToken.sol:43:5: Warning: No visibility specified. Defaulting to "public". 
    function approve(address _spender, uint256 _value)
    ^ (Relevant source part starts here and spans across multiple lines).
/sb/MyToken.sol:50:5: Warning: No visibility specified. Defaulting to "public". 
    function approveAndCall(address _spender, uint256 _value, bytes _extraData)
    ^ (Relevant source part starts here and spans across multiple lines).
/sb/MyToken.sol:60:5: Warning: No visibility specified. Defaulting to "public". 
    function transferFrom(address _from, address _to, uint256 _value) returns (bool success) {
    ^ (Relevant source part starts here and spans across multiple lines).
/sb/MyToken.sol:73:5: Warning: No visibility specified. Defaulting to "public". 
    function () {
    ^ (Relevant source part starts here and spans across multiple lines).


MyToken (../sb/MyToken.sol#4-76) has incorrect ERC20 function interface:MyToken.transfer(address,uint256) (../sb/MyToken.sol#34-40)
Reference: https://github.com/crytic/slither/wiki/Detector-Documentation#incorrect-erc20-interface

Deprecated standard detected THROW (../sb/MyToken.sol#35):
	- Usage of "throw" should be replaced with "revert()"
Deprecated standard detected THROW (../sb/MyToken.sol#36):
	- Usage of "throw" should be replaced with "revert()"
Deprecated standard detected THROW (../sb/MyToken.sol#61):
	- Usage of "throw" should be replaced with "revert()"
Deprecated standard detected THROW (../sb/MyToken.sol#62):
	- Usage of "throw" should be replaced with "revert()"
Deprecated standard detected THROW (../sb/MyToken.sol#63):
	- Usage of "throw" should be replaced with "revert()"
Deprecated standard detected THROW (../sb/MyToken.sol#74):
	- Usage of "throw" should be replaced with "revert()"
Reference: https://github.com/crytic/slither/wiki/Detector-Documentation#deprecated-standards

Version constraint ^0.4.6 contains known severe issues (https://solidity.readthedocs.io/en/latest/bugs.html)
	- DirtyBytesArrayToStorage
	- KeccakCaching
	- EmptyByteArrayCopy
	- DynamicArrayCleanup
	- ImplicitConstructorCallvalueCheck
	- TupleAssignmentMultiStackSlotComponents
	- MemoryArrayCreationOverflow
	- privateCanBeOverridden
	- UninitializedFunctionPointerInConstructor_0.4.x
	- IncorrectEventSignatureInLibraries_0.4.x
	- ExpExponentCleanup
	- NestedArrayFunctionCallDecoder
	- ZeroFunctionSelector
	- DelegateCallReturnValue
	- ECRecoverMalformedInput
	- SkipEmptyStringLiteral
	- ConstantOptimizerSubtraction
	- IdentityPrecompileReturnIgnored.
It is used by:
	- ^0.4.6 (../sb/MyToken.sol#1)
solc-0.4.26 is an outdated solc version. Use a more recent version (at least 0.8.0), if possible.
Reference: https://github.com/crytic/slither/wiki/Detector-Documentation#incorrect-versions-of-solidity

Contract tokenRecipient (../sb/MyToken.sol#2) is not in CapWords
Parameter MyToken.transfer(address,uint256)._to (../sb/MyToken.sol#34) is not in mixedCase
Parameter MyToken.transfer(address,uint256)._value (../sb/MyToken.sol#34) is not in mixedCase
Parameter MyToken.approve(address,uint256)._spender (../sb/MyToken.sol#43) is not in mixedCase
Parameter MyToken.approve(address,uint256)._value (../sb/MyToken.sol#43) is not in mixedCase
Parameter MyToken.approveAndCall(address,uint256,bytes)._spender (../sb/MyToken.sol#50) is not in mixedCase
Parameter MyToken.approveAndCall(address,uint256,bytes)._value (../sb/MyToken.sol#50) is not in mixedCase
Parameter MyToken.approveAndCall(address,uint256,bytes)._extraData (../sb/MyToken.sol#50) is not in mixedCase
Parameter MyToken.transferFrom(address,address,uint256)._from (../sb/MyToken.sol#60) is not in mixedCase
Parameter MyToken.transferFrom(address,address,uint256)._to (../sb/MyToken.sol#60) is not in mixedCase
Parameter MyToken.transferFrom(address,address,uint256)._value (../sb/MyToken.sol#60) is not in mixedCase
Reference: https://github.com/crytic/slither/wiki/Detector-Documentation#conformance-to-solidity-naming-conventions

MyToken.standard (../sb/MyToken.sol#6) should be constant 
Reference: https://github.com/crytic/slither/wiki/Detector-Documentation#state-variables-that-could-be-declared-constant

receiveApproval(address,uint256,address,bytes) should be declared external:
	- tokenRecipient.receiveApproval(address,uint256,address,bytes) (../sb/MyToken.sol#2)
approveAndCall(address,uint256,bytes) should be declared external:
	- MyToken.approveAndCall(address,uint256,bytes) (../sb/MyToken.sol#50-57)
Reference: https://github.com/crytic/slither/wiki/Detector-Documentation#public-function-that-could-be-declared-external
/sb/MyToken.sol analyzed (2 contracts with 100 detectors), 23 result(s) found
